################################################################################
#                                                                              #
#      IAR Universal Linker V6.5.1.95                                          #
#                                                                              #
#           Link time     =  02/Oct/2023  13:23:01                             #
#           Target CPU    =  MSP430                                            #
#           List file     =  "D:\MON HOC\CCCH\17.LCD16x02 custom char and i2c\ #
#                            17.LCD16x02 custom char and i2c\code\Debug\List\L #
#                            CD_I2C_Loading.map"                               #
#           Output file 1 =  "D:\MON HOC\CCCH\17.LCD16x02 custom char and i2c\ #
#                            17.LCD16x02 custom char and i2c\code\Debug\Exe\LC #
#                            D_I2C_Loading.d43"                                #
#                            Format: ubrof10                                   #
#                            UBROF version 10.0.6                              #
#                            Using library modules for C-SPY (-rt)             #
#           Command line  =  -f C:\Users\letha\AppData\Local\Temp\EWE7A4.tmp   #
#                            ("D:\MON HOC\CCCH\17.LCD16x02 custom char and i2c #
#                            \17.LCD16x02 custom char and i2c\code\Debug\Obj\d #
#                            elay.r43"                                         #
#                            "D:\MON HOC\CCCH\17.LCD16x02 custom char and i2c\ #
#                            17.LCD16x02 custom char and i2c\code\Debug\Obj\i2 #
#                            c.r43"                                            #
#                            "D:\MON HOC\CCCH\17.LCD16x02 custom char and i2c\ #
#                            17.LCD16x02 custom char and i2c\code\Debug\Obj\i2 #
#                            c_lcd.r43"                                        #
#                            "D:\MON HOC\CCCH\17.LCD16x02 custom char and i2c\ #
#                            17.LCD16x02 custom char and i2c\code\Debug\Obj\ma #
#                            in.r43"                                           #
#                            -o                                                #
#                            "D:\MON HOC\CCCH\17.LCD16x02 custom char and i2c\ #
#                            17.LCD16x02 custom char and i2c\code\Debug\Exe\LC #
#                            D_I2C_Loading.d43"                                #
#                            -l                                                #
#                            "D:\MON HOC\CCCH\17.LCD16x02 custom char and i2c\ #
#                            17.LCD16x02 custom char and i2c\code\Debug\List\L #
#                            CD_I2C_Loading.map"                               #
#                            -xms                                              #
#                            "-IC:\Program Files (x86)\IAR Systems\Embedded Wo #
#                            rkbench 8.0\430\LIB\"                             #
#                            -f                                                #
#                            "C:\Program Files (x86)\IAR Systems\Embedded Work #
#                            bench 8.0\430\config\linker\lnk430g2553.xcl"      #
#                            (-cmsp430 -QCODE_I=CODE_ID -QTLS16_I=TLS16_ID     #
#                            -Z(CONST)INFO=1000-10FF                           #
#                            -Z(CONST)INFOA=10C0-10FF                          #
#                            -Z(CONST)INFOB=1080-10BF                          #
#                            -Z(CONST)INFOC=1040-107F                          #
#                            -Z(CONST)INFOD=1000-103F                          #
#                            -Z(DATA)DATA16_I,DATA16_Z,DATA16_N,TLS16_I=0200-0 #
#                            3FF                                               #
#                            -Z(DATA)DATA16_HEAP+_DATA16_HEAP_SIZE             #
#                            -Z(DATA)CODE_I -Z(DATA)CSTACK+_STACK_SIZE#        #
#                            -Z(CONST)DATA16_C,DATA16_ID,TLS16_ID,DIFUNCT,CHEC #
#                            KSUM=C000-FFDD                                    #
#                            -Z(CODE)CSTART,ISR_CODE,CODE_ID=C000-FFDD         #
#                            -P(CODE)CODE=C000-FFDD                            #
#                            -Z(CONST)SIGNATURE=FFDE-FFDF                      #
#                            -Z(CODE)INTVEC=FFE0-FFFF                          #
#                            -Z(CODE)RESET=FFFE-FFFF) -D_STACK_SIZE=50 -rt     #
#                            "C:\Program Files (x86)\IAR Systems\Embedded Work #
#                            bench 8.0\430\lib\dlib\dl430fn.r43"               #
#                            -e_PrintfLarge=_Printf -e_ScanfLarge=_Scanf       #
#                            -D_DATA16_HEAP_SIZE=50 -s __program_start         #
#                            -D_DATA20_HEAP_SIZE=50)                           #
#                                                                              #
#                           Copyright (C) 1987-2016 IAR Systems AB.            #
################################################################################





                ****************************************
                *                                      *
                *           CROSS REFERENCE            *
                *                                      *
                ****************************************

       Program entry at :           C022  Relocatable, from module : ?cstart




                ****************************************
                *                                      *
                *            RUNTIME MODEL             *
                *                                      *
                ****************************************

  __Heap_Handler             = Basic
  __SystemLibrary            = DLib
  __core                     = 430
  __dlib_file_descriptor     = 0
  __dlib_full_locale_support = 0
  __double_size              = 32
  __pic                      = no
  __reg_r4                   = free
  __reg_r5                   = free
  __rt_version               = 3

                ****************************************
                *                                      *
                *    AUTOMATIC SYMBOL REDIRECTIONS     *
                *                                      *
                ****************************************

                  There are no automatic symbol redirections.



                ****************************************
                *                                      *
                *              MODULE MAP              *
                *                                      *
                ****************************************


  DEFINED ABSOLUTE ENTRIES
    *************************************************************************

  DEFINED ABSOLUTE ENTRIES
  PROGRAM MODULE, NAME : ?ABS_ENTRY_MOD

Absolute parts
           ENTRY                   ADDRESS         REF BY
           =====                   =======         ======
           _DATA20_HEAP_SIZE       0050 
           _DATA16_HEAP_SIZE       0050 
           _STACK_SIZE             0050 
    *************************************************************************

  FILE NAME : D:\MON HOC\CCCH\17.LCD16x02 custom char and i2c\17.LCD16x02 custom char and i2c\code\Debug\Obj\delay.r43
  PROGRAM MODULE, NAME : delay

  SEGMENTS IN THE MODULE
  ======================
<CODE> 1 (was CODE)
  Relative segment, address: C894 - C8A5 (0x12 bytes), align: 1
  Segment part 2.
           ENTRY                   ADDRESS         REF BY
           =====                   =======         ======
           delay_us                C894            LCD_Clear (i2c_lcd)
                                                   LCD_Home (i2c_lcd)
                                                   LCD_Init (i2c_lcd)
                                                   pulseEnable (i2c_lcd)

    *************************************************************************

  FILE NAME : D:\MON HOC\CCCH\17.LCD16x02 custom char and i2c\17.LCD16x02 custom char and i2c\code\Debug\Obj\i2c.r43
  PROGRAM MODULE, NAME : i2c

  SEGMENTS IN THE MODULE
  ======================
DATA16_AN
  Relative segment, address: 0003 - 0003 (0x1 bytes), align: 0
  Segment part 1. ROOT        Intra module refs:   I2C_USCI_Write_Byte
           ENTRY                   ADDRESS         REF BY
           =====                   =======         ======
           IFG2                    0003 
    -------------------------------------------------------------------------
DATA16_AN
  Relative segment, address: 0026 - 0026 (0x1 bytes), align: 0
  Segment part 2. ROOT        Intra module refs:   I2C_USCI_Init
                                                   main (main)
           ENTRY                   ADDRESS         REF BY
           =====                   =======         ======
           P1SEL                   0026 
    -------------------------------------------------------------------------
DATA16_AN
  Relative segment, address: 0041 - 0041 (0x1 bytes), align: 0
  Segment part 3. ROOT        Intra module refs:   I2C_USCI_Init
           ENTRY                   ADDRESS         REF BY
           =====                   =======         ======
           P1SEL2                  0041 
    -------------------------------------------------------------------------
DATA16_AN
  Relative segment, address: 0068 - 0068 (0x1 bytes), align: 0
  Segment part 4. ROOT        Intra module refs:   I2C_USCI_Init
           ENTRY                   ADDRESS         REF BY
           =====                   =======         ======
           UCB0CTL0                0068 
    -------------------------------------------------------------------------
DATA16_AN
  Relative segment, address: 0069 - 0069 (0x1 bytes), align: 0
  Segment part 5. ROOT        Intra module refs:   I2C_USCI_Init
                                                   I2C_USCI_Write_Byte
           ENTRY                   ADDRESS         REF BY
           =====                   =======         ======
           UCB0CTL1                0069 
    -------------------------------------------------------------------------
DATA16_AN
  Relative segment, address: 006A - 006A (0x1 bytes), align: 0
  Segment part 6. ROOT        Intra module refs:   I2C_USCI_Init
           ENTRY                   ADDRESS         REF BY
           =====                   =======         ======
           UCB0BR0                 006A 
    -------------------------------------------------------------------------
DATA16_AN
  Relative segment, address: 006B - 006B (0x1 bytes), align: 0
  Segment part 7. ROOT        Intra module refs:   I2C_USCI_Init
           ENTRY                   ADDRESS         REF BY
           =====                   =======         ======
           UCB0BR1                 006B 
    -------------------------------------------------------------------------
DATA16_AN
  Relative segment, address: 006D - 006D (0x1 bytes), align: 0
  Segment part 8. ROOT        Intra module refs:   I2C_USCI_Write_Byte
           ENTRY                   ADDRESS         REF BY
           =====                   =======         ======
           UCB0STAT                006D 
    -------------------------------------------------------------------------
DATA16_AN
  Relative segment, address: 006E - 006E (0x1 bytes), align: 0
  Segment part 9. ROOT 
           ENTRY                   ADDRESS         REF BY
           =====                   =======         ======
           UCB0RXBUF               006E 
    -------------------------------------------------------------------------
DATA16_AN
  Relative segment, address: 006F - 006F (0x1 bytes), align: 0
  Segment part 10. ROOT       Intra module refs:   I2C_USCI_Write_Byte
           ENTRY                   ADDRESS         REF BY
           =====                   =======         ======
           UCB0TXBUF               006F 
    -------------------------------------------------------------------------
DATA16_AN
  Relative segment, address: 011A - 011B (0x2 bytes), align: 0
  Segment part 11. ROOT       Intra module refs:   I2C_USCI_Init
           ENTRY                   ADDRESS         REF BY
           =====                   =======         ======
           UCB0I2CSA               011A 
    -------------------------------------------------------------------------
<CODE> 1 (was CODE)
  Relative segment, address: C782 - C7B3 (0x32 bytes), align: 1
  Segment part 13.
           ENTRY                   ADDRESS         REF BY
           =====                   =======         ======
           I2C_USCI_Init           C782            LCD_Init (i2c_lcd)
    -------------------------------------------------------------------------
<CODE> 1 (was CODE)
  Relative segment, address: C5AA - C5FF (0x56 bytes), align: 1
  Segment part 15.
           ENTRY                   ADDRESS         REF BY
           =====                   =======         ======
           I2C_USCI_Write_Byte     C5AA            expanderWrite (i2c_lcd)

    *************************************************************************

  FILE NAME : D:\MON HOC\CCCH\17.LCD16x02 custom char and i2c\17.LCD16x02 custom char and i2c\code\Debug\Obj\i2c_lcd.r43
  PROGRAM MODULE, NAME : i2c_lcd

  SEGMENTS IN THE MODULE
  ======================
DATA16_Z
  Relative segment, address: 020E - 020E (0x1 bytes), align: 0
  Segment part 3.             Intra module refs:   LCD_Init
                                                   LCD_SetCursor
           ENTRY                   ADDRESS         REF BY
           =====                   =======         ======
           _rows                   020E 
    -------------------------------------------------------------------------
DATA16_Z
  Relative segment, address: 020F - 020F (0x1 bytes), align: 0
  Segment part 4.             Intra module refs:   LCD_Init
           ENTRY                   ADDRESS         REF BY
           =====                   =======         ======
           _cols                   020F 
    -------------------------------------------------------------------------
DATA16_Z
  Relative segment, address: 0210 - 0210 (0x1 bytes), align: 0
  Segment part 5.             Intra module refs:   LCD_Init
           ENTRY                   ADDRESS         REF BY
           =====                   =======         ======
           displayFunction         0210 
    -------------------------------------------------------------------------
DATA16_Z
  Relative segment, address: 0211 - 0211 (0x1 bytes), align: 0
  Segment part 6.             Intra module refs:   LCD_Init
                                                   LCD_displayOn
           ENTRY                   ADDRESS         REF BY
           =====                   =======         ======
           displayControl          0211 
    -------------------------------------------------------------------------
DATA16_Z
  Relative segment, address: 0212 - 0212 (0x1 bytes), align: 0
  Segment part 7.             Intra module refs:   LCD_Init
           ENTRY                   ADDRESS         REF BY
           =====                   =======         ======
           displayMode             0212 
    -------------------------------------------------------------------------
DATA16_Z
  Relative segment, address: 0213 - 0213 (0x1 bytes), align: 0
  Segment part 8.             Intra module refs:   LCD_Init
                                                   expanderWrite
           ENTRY                   ADDRESS         REF BY
           =====                   =======         ======
           backlightVal            0213 
    -------------------------------------------------------------------------
<CODE> 1 (was CODE)
  Relative segment, address: C484 - C517 (0x94 bytes), align: 1
  Segment part 17.
           ENTRY                   ADDRESS         REF BY
           =====                   =======         ======
           LCD_Init                C484            main (main)
               calls direct
    -------------------------------------------------------------------------
<CODE> 1 (was CODE)
  Relative segment, address: C8FC - C909 (0xe bytes), align: 1
  Segment part 15.            Intra module refs:   LCD_Init
           ENTRY                   ADDRESS         REF BY
           =====                   =======         ======
           LCD_Clear               C8FC            main (main)
               calls direct
    -------------------------------------------------------------------------
<CODE> 1 (was CODE)
  Relative segment, address: C926 - C933 (0xe bytes), align: 1
  Segment part 14.            Intra module refs:   LCD_Init
           ENTRY                   ADDRESS         REF BY
           =====                   =======         ======
           LCD_Home                C926 
               calls direct
    -------------------------------------------------------------------------
<CODE> 1 (was CODE)
  Relative segment, address: C90A - C917 (0xe bytes), align: 1
  Segment part 16.            Intra module refs:   LCD_Init
           ENTRY                   ADDRESS         REF BY
           =====                   =======         ======
           LCD_displayOn           C90A 
               calls direct
    -------------------------------------------------------------------------
<CODE> 1 (was CODE)
  Relative segment, address: C74C - C781 (0x36 bytes), align: 1
  Segment part 19.
           ENTRY                   ADDRESS         REF BY
           =====                   =======         ======
           LCD_SetCursor           C74C            main (main)
               calls direct
    -------------------------------------------------------------------------
<CODE> 1 (was CODE)
  Relative segment, address: C600 - C64D (0x4e bytes), align: 1
  Segment part 34.
           ENTRY                   ADDRESS         REF BY
           =====                   =======         ======
           LCD_createChar          C600            main (main)
               calls direct
    -------------------------------------------------------------------------
<CODE> 1 (was CODE)
  Relative segment, address: C940 - C945 (0x6 bytes), align: 1
  Segment part 33.            Intra module refs:   LCD_Print
                                                   LCD_createChar
                                                   lcd_put_num
           ENTRY                   ADDRESS         REF BY
           =====                   =======         ======
           LCD_writeChar           C940            main (main)
               calls direct
    -------------------------------------------------------------------------
<CODE> 1 (was CODE)
  Relative segment, address: C7B4 - C7E5 (0x32 bytes), align: 1
  Segment part 36.
           ENTRY                   ADDRESS         REF BY
           =====                   =======         ======
           LCD_Print               C7B4            main (main)
               calls direct
    -------------------------------------------------------------------------
<CODE> 1 (was CODE)
  Relative segment, address: C946 - C94B (0x6 bytes), align: 1
  Segment part 13.            Intra module refs:   LCD_Clear
                                                   LCD_Home
                                                   LCD_Init
                                                   LCD_SetCursor
                                                   LCD_createChar
                                                   LCD_displayOn
           ENTRY                   ADDRESS         REF BY
           =====                   =======         ======
           command                 C946 
               calls direct
    -------------------------------------------------------------------------
<CODE> 1 (was CODE)
  Relative segment, address: C7E6 - C80F (0x2a bytes), align: 1
  Segment part 12.            Intra module refs:   LCD_writeChar
                                                   command
           ENTRY                   ADDRESS         REF BY
           =====                   =======         ======
           send                    C7E6 
               calls direct
    -------------------------------------------------------------------------
<CODE> 1 (was CODE)
  Relative segment, address: C86E - C881 (0x14 bytes), align: 1
  Segment part 11.            Intra module refs:   LCD_Init
                                                   send
           ENTRY                   ADDRESS         REF BY
           =====                   =======         ======
           write4bits              C86E 
               calls direct
    -------------------------------------------------------------------------
<CODE> 1 (was CODE)
  Relative segment, address: C810 - C837 (0x28 bytes), align: 1
  Segment part 10.            Intra module refs:   write4bits
           ENTRY                   ADDRESS         REF BY
           =====                   =======         ======
           pulseEnable             C810 
               calls direct
    -------------------------------------------------------------------------
<CODE> 1 (was CODE)
  Relative segment, address: C918 - C925 (0xe bytes), align: 1
  Segment part 9.             Intra module refs:   LCD_Init
                                                   pulseEnable
                                                   write4bits
           ENTRY                   ADDRESS         REF BY
           =====                   =======         ======
           expanderWrite           C918 
               calls direct
    -------------------------------------------------------------------------
<CODE> 1 (was CODE)
  Relative segment, address: C04A - C1FF (0x1b6 bytes), align: 1
  Segment part 37.
           ENTRY                   ADDRESS         REF BY
           =====                   =======         ======
           lcd_put_num             C04A            main (main)
               calls direct
    -------------------------------------------------------------------------
DATA16_C
  Relative segment, address: C000 - C007 (0x8 bytes), align: 1
  Segment part 2.             Intra module refs:   LCD_SetCursor

    *************************************************************************

  FILE NAME : D:\MON HOC\CCCH\17.LCD16x02 custom char and i2c\17.LCD16x02 custom char and i2c\code\Debug\Obj\main.r43
  PROGRAM MODULE, NAME : main

  SEGMENTS IN THE MODULE
  ======================
DATA16_AN
  Relative segment, address: 0056 - 0056 (0x1 bytes), align: 0
  Segment part 1. ROOT        Intra module refs:   main
           ENTRY                   ADDRESS         REF BY
           =====                   =======         ======
           DCOCTL                  0056 
    -------------------------------------------------------------------------
DATA16_AN
  Relative segment, address: 0057 - 0057 (0x1 bytes), align: 0
  Segment part 2. ROOT        Intra module refs:   main
           ENTRY                   ADDRESS         REF BY
           =====                   =======         ======
           BCSCTL1                 0057 
    -------------------------------------------------------------------------
DATA16_AN
  Relative segment, address: 0021 - 0021 (0x1 bytes), align: 0
  Segment part 3. ROOT        Intra module refs:   main
           ENTRY                   ADDRESS         REF BY
           =====                   =======         ======
           P1OUT                   0021 
    -------------------------------------------------------------------------
DATA16_AN
  Relative segment, address: 0022 - 0022 (0x1 bytes), align: 0
  Segment part 4. ROOT        Intra module refs:   main
           ENTRY                   ADDRESS         REF BY
           =====                   =======         ======
           P1DIR                   0022 
    -------------------------------------------------------------------------
DATA16_AN
  Relative segment, address: 0023 - 0023 (0x1 bytes), align: 0
  Segment part 5. ROOT        Intra module refs:   Port1_ISR
                                                   main
           ENTRY                   ADDRESS         REF BY
           =====                   =======         ======
           P1IFG                   0023 
    -------------------------------------------------------------------------
DATA16_AN
  Relative segment, address: 0024 - 0024 (0x1 bytes), align: 0
  Segment part 6. ROOT        Intra module refs:   main
           ENTRY                   ADDRESS         REF BY
           =====                   =======         ======
           P1IES                   0024 
    -------------------------------------------------------------------------
DATA16_AN
  Relative segment, address: 0025 - 0025 (0x1 bytes), align: 0
  Segment part 7. ROOT        Intra module refs:   main
           ENTRY                   ADDRESS         REF BY
           =====                   =======         ======
           P1IE                    0025 
    -------------------------------------------------------------------------
DATA16_AN
  Relative segment, address: 0027 - 0027 (0x1 bytes), align: 0
  Segment part 9. ROOT        Intra module refs:   main
           ENTRY                   ADDRESS         REF BY
           =====                   =======         ======
           P1REN                   0027 
    -------------------------------------------------------------------------
DATA16_AN
  Relative segment, address: 0029 - 0029 (0x1 bytes), align: 0
  Segment part 10. ROOT       Intra module refs:   setupEncoder
           ENTRY                   ADDRESS         REF BY
           =====                   =======         ======
           P2OUT                   0029 
    -------------------------------------------------------------------------
DATA16_AN
  Relative segment, address: 002A - 002A (0x1 bytes), align: 0
  Segment part 11. ROOT       Intra module refs:   setupEncoder
           ENTRY                   ADDRESS         REF BY
           =====                   =======         ======
           P2DIR                   002A 
    -------------------------------------------------------------------------
DATA16_AN
  Relative segment, address: 002B - 002B (0x1 bytes), align: 0
  Segment part 12. ROOT       Intra module refs:   Port2_ISR
           ENTRY                   ADDRESS         REF BY
           =====                   =======         ======
           P2IFG                   002B 
    -------------------------------------------------------------------------
DATA16_AN
  Relative segment, address: 002C - 002C (0x1 bytes), align: 0
  Segment part 13. ROOT       Intra module refs:   setupEncoder
           ENTRY                   ADDRESS         REF BY
           =====                   =======         ======
           P2IES                   002C 
    -------------------------------------------------------------------------
DATA16_AN
  Relative segment, address: 002D - 002D (0x1 bytes), align: 0
  Segment part 14. ROOT       Intra module refs:   setupEncoder
           ENTRY                   ADDRESS         REF BY
           =====                   =======         ======
           P2IE                    002D 
    -------------------------------------------------------------------------
DATA16_AN
  Relative segment, address: 002F - 002F (0x1 bytes), align: 0
  Segment part 15. ROOT       Intra module refs:   setupEncoder
           ENTRY                   ADDRESS         REF BY
           =====                   =======         ======
           P2REN                   002F 
    -------------------------------------------------------------------------
DATA16_AN
  Relative segment, address: 0160 - 0161 (0x2 bytes), align: 0
  Segment part 16. ROOT       Intra module refs:   main
           ENTRY                   ADDRESS         REF BY
           =====                   =======         ======
           TA0CTL                  0160 
    -------------------------------------------------------------------------
DATA16_AN
  Relative segment, address: 0164 - 0165 (0x2 bytes), align: 0
  Segment part 17. ROOT       Intra module refs:   main
           ENTRY                   ADDRESS         REF BY
           =====                   =======         ======
           TA0CCTL1                0164 
    -------------------------------------------------------------------------
DATA16_AN
  Relative segment, address: 0172 - 0173 (0x2 bytes), align: 0
  Segment part 18. ROOT       Intra module refs:   main
           ENTRY                   ADDRESS         REF BY
           =====                   =======         ======
           TA0CCR0                 0172 
    -------------------------------------------------------------------------
DATA16_AN
  Relative segment, address: 0174 - 0175 (0x2 bytes), align: 0
  Segment part 19. ROOT       Intra module refs:   Port1_ISR
                                                   main
           ENTRY                   ADDRESS         REF BY
           =====                   =======         ======
           TA0CCR1                 0174 
    -------------------------------------------------------------------------
DATA16_AN
  Relative segment, address: 0120 - 0121 (0x2 bytes), align: 0
  Segment part 20. ROOT       Intra module refs:   main
           ENTRY                   ADDRESS         REF BY
           =====                   =======         ======
           WDTCTL                  0120 
    -------------------------------------------------------------------------
DATA16_AN
  Relative segment, address: 10FE - 10FE (0x1 bytes), align: 0
  Segment part 21. ROOT       Intra module refs:   main
           ENTRY                   ADDRESS         REF BY
           =====                   =======         ======
           CALDCO_1MHZ             10FE 
    -------------------------------------------------------------------------
DATA16_AN
  Relative segment, address: 10FF - 10FF (0x1 bytes), align: 0
  Segment part 22. ROOT       Intra module refs:   main
           ENTRY                   ADDRESS         REF BY
           =====                   =======         ======
           CALBC1_1MHZ             10FF 
    -------------------------------------------------------------------------
DATA16_Z
  Relative segment, address: 0208 - 0209 (0x2 bytes), align: 1
  Segment part 29.            Intra module refs:   Port2_ISR
                                                   main
           ENTRY                   ADDRESS         REF BY
           =====                   =======         ======
           pulseCount              0208 
    -------------------------------------------------------------------------
DATA16_Z
  Relative segment, address: 020A - 020D (0x4 bytes), align: 1
  Segment part 33.            Intra module refs:   main
           ENTRY                   ADDRESS         REF BY
           =====                   =======         ======
           motorSpeed              020A 
    -------------------------------------------------------------------------
DATA16_I
  Relative segment, address: 0200 - 0207 (0x8 bytes), align: 0
  Segment part 34.            Intra module refs:   main
           ENTRY                   ADDRESS         REF BY
           =====                   =======         ======
           customChar              0200 
    -------------------------------------------------------------------------
<CODE> 1 (was CODE)
  Relative segment, address: C838 - C855 (0x1e bytes), align: 1
  Segment part 36.            Intra module refs:   main
           ENTRY                   ADDRESS         REF BY
           =====                   =======         ======
           setupEncoder            C838 
    -------------------------------------------------------------------------
<CODE> 1 (was CODE)
  Relative segment, address: C8EC - C8FB (0x10 bytes), align: 1
  Segment part 37.            Intra module refs:   Port2_ISR::??INTVEC 6
           ENTRY                   ADDRESS         REF BY
           =====                   =======         ======
           Port2_ISR               C8EC 
               interrupt function
    -------------------------------------------------------------------------
<CODE> 1 (was CODE)
  Relative segment, address: C6DA - C713 (0x3a bytes), align: 1
  Segment part 38.            Intra module refs:   Port1_ISR::??INTVEC 4
           ENTRY                   ADDRESS         REF BY
           =====                   =======         ======
           Port1_ISR               C6DA 
               interrupt function
    -------------------------------------------------------------------------
<CODE> 1 (was CODE)
  Relative segment, address: C200 - C353 (0x154 bytes), align: 1
  Segment part 39.
           ENTRY                   ADDRESS         REF BY
           =====                   =======         ======
           main                    C200            Segment part 19 (?cstart)
               calls direct
    -------------------------------------------------------------------------
INTVEC
  Common segment, address: FFE0 - FFE5 (0x6 bytes), align: 1
  Segment part 23. ROOT 
           ENTRY                   ADDRESS         REF BY
           =====                   =======         ======
           Port1_ISR::??INTVEC 4   FFE4 
    -------------------------------------------------------------------------
INTVEC
  Common segment, address: FFE0 - FFE7 (0x8 bytes), align: 1
  Segment part 24. ROOT 
           ENTRY                   ADDRESS         REF BY
           =====                   =======         ======
           Port2_ISR::??INTVEC 6   FFE6 
    -------------------------------------------------------------------------
DATA16_ID
  Relative segment, address: C01A - C021 (0x8 bytes), align: 0
  Segment part 35.            Intra module refs:   customChar
    -------------------------------------------------------------------------
DATA16_C
  Relative segment, address: C008 - C00E (0x7 bytes), align: 0
  Segment part 26.            Intra module refs:   main
    -------------------------------------------------------------------------
DATA16_C
  Relative segment, address: C00F - C013 (0x5 bytes), align: 0
  Segment part 27.            Intra module refs:   main
    -------------------------------------------------------------------------
DATA16_C
  Relative segment, address: C014 - C019 (0x6 bytes), align: 0
  Segment part 28.            Intra module refs:   main

    *************************************************************************

  FILE NAME : C:\Program Files (x86)\IAR Systems\Embedded Workbench 8.0\430\lib\dlib\dl430fn.r43
  LIBRARY MODULE, NAME : ?__dbg_break

  SEGMENTS IN THE MODULE
  ======================
<CODE> 1 (was CODE)
  Relative segment, address: C958 - C959 (0x2 bytes), align: 1
  Segment part 2.
           ENTRY                   ADDRESS         REF BY
           =====                   =======         ======
           __DebugBreak            C958            __exit (?__exit)

    -------------------------------------------------------------------------
  LIBRARY MODULE, NAME : ?__exit

  SEGMENTS IN THE MODULE
  ======================
<CODE> 1 (was CODE)
  Relative segment, address: C8B8 - C8C9 (0x12 bytes), align: 1
  Segment part 2.
           ENTRY                   ADDRESS         REF BY
           =====                   =======         ======
           __exit                  C8B8            Segment part 6 (?_exit)
                                                   _exit (?_exit)
               calls direct

    -------------------------------------------------------------------------
  LIBRARY MODULE, NAME : ?_exit

  SEGMENTS IN THE MODULE
  ======================
<CODE> 1 (was CODE)
  Relative segment, address: C954, align: 1
  Segment part 0.
           ENTRY                   ADDRESS         REF BY
           =====                   =======         ======
           _exit                   C954            exit (?exit)
    -------------------------------------------------------------------------
<CODE> 1 (was CODE)
  Relative segment, address: C954 - C957 (0x4 bytes), align: 1
  Segment part 6.             Intra module refs:   _exit

    -------------------------------------------------------------------------
  LIBRARY MODULE, NAME : ?cstart

  SEGMENTS IN THE MODULE
  ======================
CSTACK
  Relative segment, address: 03B0, align: 1
  Segment part 1.
    -------------------------------------------------------------------------
DATA16_Z
  Relative segment, address: 020E, align: 1
  Segment part 2.
    -------------------------------------------------------------------------
DATA16_I
  Relative segment, address: 0200, align: 1
  Segment part 3.
    -------------------------------------------------------------------------
DATA16_ID
  Relative segment, address: C01A, align: 1
  Segment part 4.
    -------------------------------------------------------------------------
CSTART
  Relative segment, address: C022 - C025 (0x4 bytes), align: 1
  Segment part 9.
           ENTRY                   ADDRESS         REF BY
           =====                   =======         ======
           __program_start         C022            ?reset_vector (?reset_vector)
                                                   Absolute parts (?ABS_ENTRY_MOD)
           ?cstart_begin           C022 
    -------------------------------------------------------------------------
CSTART
  Relative segment, address: C026 - C031 (0xc bytes), align: 1
  Segment part 14.
           ENTRY                   ADDRESS         REF BY
           =====                   =======         ======
           ?cstart_init_zero       C026            _cols (i2c_lcd)
                                                   _rows (i2c_lcd)
                                                   backlightVal (i2c_lcd)
                                                   displayControl (i2c_lcd)
                                                   displayFunction (i2c_lcd)
                                                   displayMode (i2c_lcd)
                                                   motorSpeed (main)
                                                   pulseCount (main)
    -------------------------------------------------------------------------
CSTART
  Relative segment, address: C032 - C041 (0x10 bytes), align: 1
  Segment part 15.
           ENTRY                   ADDRESS         REF BY
           =====                   =======         ======
           ?cstart_init_copy       C032            customChar (main)
    -------------------------------------------------------------------------
CSTART
  Relative segment, address: C042 - C049 (0x8 bytes), align: 1
  Segment part 19.            Intra module refs:   Segment part 9
           ENTRY                   ADDRESS         REF BY
           =====                   =======         ======
           ?cstart_call_main       C042 
           ?cstart_end             C04A 

    -------------------------------------------------------------------------
  LIBRARY MODULE, NAME : ?reset_vector

  SEGMENTS IN THE MODULE
  ======================
RESET
  Relative segment, address: FFFE - FFFF (0x2 bytes), align: 1
  Segment part 0.
           ENTRY                   ADDRESS         REF BY
           =====                   =======         ======
           ?reset_vector           FFFE            Segment part 9 (?cstart)

    -------------------------------------------------------------------------
  LIBRARY MODULE, NAME : ?Epilogue

  SEGMENTS IN THE MODULE
  ======================
<CODE> 1 (was CODE)
  Relative segment, address: C8CA - C8CB (0x2 bytes), align: 1
  Segment part 0.
           ENTRY                   ADDRESS         REF BY
           =====                   =======         ======
           ?Epilogue8              C8CA            lcd_put_num (i2c_lcd)
    -------------------------------------------------------------------------
<CODE> 1 (was CODE)
  Relative segment, address: C8CC - C8CD (0x2 bytes), align: 1
  Segment part 1.             Intra module refs:   ?Epilogue8
           ENTRY                   ADDRESS         REF BY
           =====                   =======         ======
           ?Epilogue7              C8CC 
    -------------------------------------------------------------------------
<CODE> 1 (was CODE)
  Relative segment, address: C8CE - C8CF (0x2 bytes), align: 1
  Segment part 2.             Intra module refs:   ?Epilogue7
           ENTRY                   ADDRESS         REF BY
           =====                   =======         ======
           ?Epilogue6              C8CE 
    -------------------------------------------------------------------------
<CODE> 1 (was CODE)
  Relative segment, address: C8D0 - C8D1 (0x2 bytes), align: 1
  Segment part 3.             Intra module refs:   ?Epilogue6
           ENTRY                   ADDRESS         REF BY
           =====                   =======         ======
           ?Epilogue5              C8D0            LCD_createChar (i2c_lcd)
    -------------------------------------------------------------------------
<CODE> 1 (was CODE)
  Relative segment, address: C8D2 - C8D3 (0x2 bytes), align: 1
  Segment part 4.             Intra module refs:   ?Epilogue5
           ENTRY                   ADDRESS         REF BY
           =====                   =======         ======
           ?Epilogue4              C8D2 
    -------------------------------------------------------------------------
<CODE> 1 (was CODE)
  Relative segment, address: C8D4 - C8DB (0x8 bytes), align: 1
  Segment part 5.             Intra module refs:   ?Epilogue4
           ENTRY                   ADDRESS         REF BY
           =====                   =======         ======
           ?Epilogue3              C8D4            LCD_Print (i2c_lcd)

    -------------------------------------------------------------------------
  LIBRARY MODULE, NAME : ?exit

  SEGMENTS IN THE MODULE
  ======================
<CODE> 1 (was CODE)
  Relative segment, address: C94C - C94F (0x4 bytes), align: 1
  Segment part 2.
           ENTRY                   ADDRESS         REF BY
           =====                   =======         ======
           exit                    C94C            Segment part 19 (?cstart)
               calls direct

    -------------------------------------------------------------------------
  LIBRARY MODULE, NAME : ?Cast32f32i

  SEGMENTS IN THE MODULE
  ======================
<CODE> 1 (was CODE)
  Relative segment, address: C518 - C52B (0x14 bytes), align: 1
  Segment part 0.
           ENTRY                   ADDRESS         REF BY
           =====                   =======         ======
           _Cast32sto32f           C518            main (main)
    -------------------------------------------------------------------------
<CODE> 1 (was CODE)
  Relative segment, address: C52C - C5A9 (0x7e bytes), align: 1
  Segment part 1.             Intra module refs:   _Cast32sto32f
           ENTRY                   ADDRESS         REF BY
           =====                   =======         ======
           _Cast32uto32f           C52C 

    -------------------------------------------------------------------------
  LIBRARY MODULE, NAME : _Cast32fto32u

  SEGMENTS IN THE MODULE
  ======================
<CODE> 1 (was CODE)
  Relative segment, address: C934 - C93F (0xc bytes), align: 1
  Segment part 0.
           ENTRY                   ADDRESS         REF BY
           =====                   =======         ======
           _Cast32fto32u           C934            main (main)

    -------------------------------------------------------------------------
  LIBRARY MODULE, NAME : ?FLT_Extract

  SEGMENTS IN THE MODULE
  ======================
<CODE> 1 (was CODE)
  Relative segment, address: C64E - C699 (0x4c bytes), align: 1
  Segment part 0.
           ENTRY                   ADDRESS         REF BY
           =====                   =======         ======
           ?FLT_Extract            C64E            _Cast32fto32u (_Cast32fto32u)

    -------------------------------------------------------------------------
  LIBRARY MODULE, NAME : _Div32f

  SEGMENTS IN THE MODULE
  ======================
<CODE> 1 (was CODE)
  Relative segment, address: C354 - C483 (0x130 bytes), align: 1
  Segment part 0.
           ENTRY                   ADDRESS         REF BY
           =====                   =======         ======
           _Div32f                 C354            main (main)

    -------------------------------------------------------------------------
  LIBRARY MODULE, NAME : ?DivMod816u

  SEGMENTS IN THE MODULE
  ======================
<CODE> 1 (was CODE)
  Relative segment, address: C856 - C86D (0x18 bytes), align: 1
  Segment part 1.
           ENTRY                   ADDRESS         REF BY
           =====                   =======         ======
           ?DivMod16u              C856            main (main)

    -------------------------------------------------------------------------
  LIBRARY MODULE, NAME : ?DivMod32u

  SEGMENTS IN THE MODULE
  ======================
<CODE> 1 (was CODE)
  Relative segment, address: C714 - C74B (0x38 bytes), align: 1
  Segment part 0.
           ENTRY                   ADDRESS         REF BY
           =====                   =======         ======
           ?DivMod32u              C714            ?DivMod32s (?DivMod32s)
                                                   lcd_put_num (i2c_lcd)

    -------------------------------------------------------------------------
  LIBRARY MODULE, NAME : ?DivMod32s

  SEGMENTS IN THE MODULE
  ======================
<CODE> 1 (was CODE)
  Relative segment, address: C69A - C6D9 (0x40 bytes), align: 1
  Segment part 0.
           ENTRY                   ADDRESS         REF BY
           =====                   =======         ======
           ?DivMod32s              C69A            lcd_put_num (i2c_lcd)

    -------------------------------------------------------------------------
  LIBRARY MODULE, NAME : ?memcpy

  SEGMENTS IN THE MODULE
  ======================
<CODE> 1 (was CODE)
  Relative segment, address: C882 - C893 (0x12 bytes), align: 1
  Segment part 2.
           ENTRY                   ADDRESS         REF BY
           =====                   =======         ======
           memcpy                  C882            __data16_memcpy (?memzero)

    -------------------------------------------------------------------------
  LIBRARY MODULE, NAME : ?memzero

  SEGMENTS IN THE MODULE
  ======================
<CODE> 1 (was CODE)
  Relative segment, address: C8DC - C8EB (0x10 bytes), align: 1
  Segment part 2.
           ENTRY                   ADDRESS         REF BY
           =====                   =======         ======
           __data16_memzero        C8DC            ?cstart_init_zero (?cstart)
    -------------------------------------------------------------------------
<CODE> 1 (was CODE)
  Relative segment, address: C950 - C953 (0x4 bytes), align: 1
  Segment part 3.
           ENTRY                   ADDRESS         REF BY
           =====                   =======         ======
           __data16_memcpy         C950            ?cstart_init_copy (?cstart)
               calls direct

    -------------------------------------------------------------------------
  LIBRARY MODULE, NAME : ?strlen

  SEGMENTS IN THE MODULE
  ======================
<CODE> 1 (was CODE)
  Relative segment, address: C8A6 - C8B7 (0x12 bytes), align: 1
  Segment part 2.
           ENTRY                   ADDRESS         REF BY
           =====                   =======         ======
           strlen                  C8A6            LCD_Print (i2c_lcd)




                ****************************************
                *                                      *
                *      SEGMENTS IN ADDRESS ORDER       *
                *                                      *
                ****************************************


SEGMENT              SPACE    START ADDRESS   END ADDRESS     SIZE  TYPE  ALIGN
=======              =====    =============   ===========     ====  ====  =====
DATA16_AN                              0003 - 0003               1   rel    0
                                       0021 - 0027               7 
                                       0029 - 002D               5 
                                       002F - 002F               1 
                                       0041 - 0041               1 
                                       0056 - 0057               2 
                                       0068 - 006B               4 
                                       006D - 006F               3 
                                       011A - 011B               2 
                                       0120 - 0121               2 
                                       0160 - 0161               2 
                                       0164 - 0165               2 
                                       0172 - 0175               4 
DATA16_I                               0200 - 0207               8   rel    1
DATA16_Z                               0208 - 0213               C   rel    1
CSTACK                                 03B0 - 03FF              50   rel    1
DATA16_AN                              10FE - 10FF               2   rel    0
DATA16_C                               C000 - C019              1A   rel    1
DATA16_ID                              C01A - C021               8   rel    1
CSTART                                 C022 - C049              28   rel    1
<CODE> 1                               C04A - C959             910   rel    1
INTVEC                                 FFE0 - FFE7               8   com    1
RESET                                  FFFE - FFFF               2   rel    1

                ****************************************
                *                                      *
                *        END OF CROSS REFERENCE        *
                *                                      *
                ****************************************

 2 370 bytes of CODE  memory
   100 bytes of DATA  memory (+ 38 absolute )
    34 bytes of CONST memory

Errors: none
Warnings: none

